// Jest Snapshot v1, https://goo.gl/fbAQLP

exports[`<Button /> component matches the snapshot 1`] = `
<button
  className="MuiLoadingButton-root MuiButton-root MuiButton-outlined MuiButton-outlinedPrimary MuiButton-sizeMedium MuiButton-outlinedSizeMedium MuiButtonBase-root css-1s9360s-MuiButtonBase-root-MuiButton-root-MuiLoadingButton-root"
  disabled={false}
  id="ButtonName"
  onBlur={[Function]}
  onClick={[Function]}
  onContextMenu={[Function]}
  onDragLeave={[Function]}
  onFocus={[Function]}
  onKeyDown={[Function]}
  onKeyUp={[Function]}
  onMouseDown={[Function]}
  onMouseLeave={[Function]}
  onMouseUp={[Function]}
  onTouchEnd={[Function]}
  onTouchMove={[Function]}
  onTouchStart={[Function]}
  tabIndex={0}
  type="button"
>
  Button Name
  <span
    className="MuiButton-endIcon MuiButton-iconSizeMedium css-9tj150-MuiButton-endIcon"
  >
    <svg
      aria-hidden={true}
      className="MuiSvgIcon-root MuiSvgIcon-fontSizeMedium css-i4bv87-MuiSvgIcon-root"
      data-testid="SendIcon"
      focusable="false"
      viewBox="0 0 24 24"
    >
      <path
        d="M2.01 21 23 12 2.01 3 2 10l15 2-15 2z"
      />
    </svg>
  </span>
</button>
`;
